2026-07-24 11:13:34  ===== ?먮룞 ?낅뜲?댄듃 ?쒖옉 =====
2026-07-24 11:15:09  dailyData.js 媛깆떊 ?꾨즺
2026-07-24 11:15:15  qualityData.js 泥섎━ ?꾨즺
2026-07-24 11:15:15  蹂寃쎌궗???놁쓬 - push ?앸왂
2026-07-24 11:15:15  ===== ?먮룞 ?낅뜲?댄듃 ?깃났 =====
2026-07-27 10:52:16  ===== ?먮룞 ?낅뜲?댄듃 ?쒖옉 =====
2026-07-27 10:53:53  dailyData.js 媛깆떊 ?꾨즺
2026-07-27 10:53:59  qualityData.js 泥섎━ ?꾨즺
2026-07-27 10:54:03  GitHub push ?꾨즺
2026-07-27 10:54:03  ===== ?먮룞 ?낅뜲?댄듃 ?깃났 =====
2026-07-28 10:00:02  ===== ?먮룞 ?낅뜲?댄듃 ?쒖옉 =====
2026-07-28 10:01:40  dailyData.js 媛깆떊 ?꾨즺
2026-07-28 10:01:45  qualityData.js 泥섎━ ?꾨즺
2026-07-28 10:01:46  蹂寃쎌궗???놁쓬 - push ?앸왂
2026-07-28 10:01:46  ===== ?먮룞 ?낅뜲?댄듃 ?깃났 =====
2026-07-28 10:12:03  ===== ?먮룞 ?낅뜲?댄듃 ?쒖옉 =====
2026-07-28 10:13:39  dailyData.js 媛깆떊 ?꾨즺
2026-07-28 10:13:45  qualityData.js 泥섎━ ?꾨즺
2026-07-28 10:13:48  GitHub push ?꾨즺
2026-07-28 10:13:48  ===== ?먮룞 ?낅뜲?댄듃 ?깃났 =====
2026-07-28 10:22:02  ===== ?먮룞 ?낅뜲?댄듃 ?쒖옉 =====
2026-07-28 10:23:41  dailyData.js 媛깆떊 ?꾨즺
2026-07-28 10:23:47  qualityData.js 泥섎━ ?꾨즺
2026-07-28 10:23:47  蹂寃쎌궗???놁쓬 - push ?앸왂
2026-07-28 10:23:47  ===== ?먮룞 ?낅뜲?댄듃 ?깃났 =====
2026-07-28 10:40:01  ===== ?먮룞 ?낅뜲?댄듃 ?쒖옉 =====
2026-07-28 10:41:38  dailyData.js 媛깆떊 ?꾨즺
2026-07-28 10:41:44  qualityData.js 泥섎━ ?꾨즺
2026-07-28 10:41:46  GitHub push ?꾨즺
2026-07-28 10:41:46  ===== ?먮룞 ?낅뜲?댄듃 ?깃났 =====
2026-07-28 10:50:01  ===== ?먮룞 ?낅뜲?댄듃 ?쒖옉 =====
2026-07-28 10:51:42  dailyData.js 媛깆떊 ?꾨즺
2026-07-28 10:51:47  qualityData.js 泥섎━ ?꾨즺
2026-07-28 10:51:47  蹂寃쎌궗???놁쓬 - push ?앸왂
2026-07-28 10:51:47  ===== ?먮룞 ?낅뜲?댄듃 ?깃났 =====
2026-07-28 10:54:01  ===== ?먮룞 ?낅뜲?댄듃 ?쒖옉 =====
2026-07-28 10:55:39  dailyData.js 媛깆떊 ?꾨즺
2026-07-28 10:55:45  qualityData.js 泥섎━ ?꾨즺
2026-07-28 10:55:45  蹂寃쎌궗???놁쓬 - push ?앸왂
2026-07-28 10:55:45  ===== ?먮룞 ?낅뜲?댄듃 ?깃났 =====
